D:\CBReader2X\Bookcase\CBETA\XML\N\N01
D:\CBReader2X\Bookcase\CBETA\XML\N\N02
D:\CBReader2X\Bookcase\CBETA\XML\N\N03
D:\CBReader2X\Bookcase\CBETA\XML\N\N04
D:\CBReader2X\Bookcase\CBETA\XML\N\N05
D:\CBReader2X\Bookcase\CBETA\XML\N\N06
D:\CBReader2X\Bookcase\CBETA\XML\N\N07
D:\CBReader2X\Bookcase\CBETA\XML\N\N08
D:\CBReader2X\Bookcase\CBETA\XML\N\N09
D:\CBReader2X\Bookcase\CBETA\XML\N\N10
D:\CBReader2X\Bookcase\CBETA\XML\N\N11
D:\CBReader2X\Bookcase\CBETA\XML\N\N12
D:\CBReader2X\Bookcase\CBETA\XML\N\N13
D:\CBReader2X\Bookcase\CBETA\XML\N\N14
D:\CBReader2X\Bookcase\CBETA\XML\N\N15
D:\CBReader2X\Bookcase\CBETA\XML\N\N16
D:\CBReader2X\Bookcase\CBETA\XML\N\N17
D:\CBReader2X\Bookcase\CBETA\XML\N\N18
D:\CBReader2X\Bookcase\CBETA\XML\N\N19
D:\CBReader2X\Bookcase\CBETA\XML\N\N20
D:\CBReader2X\Bookcase\CBETA\XML\N\N21
D:\CBReader2X\Bookcase\CBETA\XML\N\N22
D:\CBReader2X\Bookcase\CBETA\XML\N\N23
D:\CBReader2X\Bookcase\CBETA\XML\N\N24
D:\CBReader2X\Bookcase\CBETA\XML\N\N25
D:\CBReader2X\Bookcase\CBETA\XML\N\N26
D:\CBReader2X\Bookcase\CBETA\XML\N\N27
D:\CBReader2X\Bookcase\CBETA\XML\N\N28
D:\CBReader2X\Bookcase\CBETA\XML\N\N29
D:\CBReader2X\Bookcase\CBETA\XML\N\N30
D:\CBReader2X\Bookcase\CBETA\XML\N\N31
D:\CBReader2X\Bookcase\CBETA\XML\N\N32
D:\CBReader2X\Bookcase\CBETA\XML\N\N33
D:\CBReader2X\Bookcase\CBETA\XML\N\N34
D:\CBReader2X\Bookcase\CBETA\XML\N\N35
D:\CBReader2X\Bookcase\CBETA\XML\N\N36
D:\CBReader2X\Bookcase\CBETA\XML\N\N37
D:\CBReader2X\Bookcase\CBETA\XML\N\N38
D:\CBReader2X\Bookcase\CBETA\XML\N\N39
D:\CBReader2X\Bookcase\CBETA\XML\N\N40
D:\CBReader2X\Bookcase\CBETA\XML\N\N41
D:\CBReader2X\Bookcase\CBETA\XML\N\N42
D:\CBReader2X\Bookcase\CBETA\XML\N\N43
D:\CBReader2X\Bookcase\CBETA\XML\N\N44
D:\CBReader2X\Bookcase\CBETA\XML\N\N45
D:\CBReader2X\Bookcase\CBETA\XML\N\N46
D:\CBReader2X\Bookcase\CBETA\XML\N\N47
D:\CBReader2X\Bookcase\CBETA\XML\N\N48
D:\CBReader2X\Bookcase\CBETA\XML\N\N49
D:\CBReader2X\Bookcase\CBETA\XML\N\N50
D:\CBReader2X\Bookcase\CBETA\XML\N\N51
D:\CBReader2X\Bookcase\CBETA\XML\N\N52
D:\CBReader2X\Bookcase\CBETA\XML\N\N53
D:\CBReader2X\Bookcase\CBETA\XML\N\N54
D:\CBReader2X\Bookcase\CBETA\XML\N\N55
D:\CBReader2X\Bookcase\CBETA\XML\N\N56
D:\CBReader2X\Bookcase\CBETA\XML\N\N57
D:\CBReader2X\Bookcase\CBETA\XML\N\N58
D:\CBReader2X\Bookcase\CBETA\XML\N\N59
D:\CBReader2X\Bookcase\CBETA\XML\N\N60
D:\CBReader2X\Bookcase\CBETA\XML\N\N61
D:\CBReader2X\Bookcase\CBETA\XML\N\N62
D:\CBReader2X\Bookcase\CBETA\XML\N\N63
D:\CBReader2X\Bookcase\CBETA\XML\N\N64
D:\CBReader2X\Bookcase\CBETA\XML\N\N65
D:\CBReader2X\Bookcase\CBETA\XML\N\N66
D:\CBReader2X\Bookcase\CBETA\XML\N\N67
D:\CBReader2X\Bookcase\CBETA\XML\N\N68
D:\CBReader2X\Bookcase\CBETA\XML\N\N69
D:\CBReader2X\Bookcase\CBETA\XML\N\N70
D:\CBReader2X\Bookcase\CBETA\XML\N\N01\N01n0001_001.xml
D:\CBReader2X\Bookcase\CBETA\XML\N\N01\N01n0001_002.xml
D:\CBReader2X\Bookcase\CBETA\XML\N\N01\N01n0001_003.xml
D:\CBReader2X\Bookcase\CBETA\XML\N\N01\N01n0001_004.xml
D:\CBReader2X\Bookcase\CBETA\XML\N\N02\N02n0001_005.xml
D:\CBReader2X\Bookcase\CBETA\XML\N\N02\N02n0001_006.xml
D:\CBReader2X\Bookcase\CBETA\XML\N\N02\N02n0001_007.xml
D:\CBReader2X\Bookcase\CBETA\XML\N\N02\N02n0001_008.xml
D:\CBReader2X\Bookcase\CBETA\XML\N\N02\N02n0001_009.xml
D:\CBReader2X\Bookcase\CBETA\XML\N\N02\N02n0001_010.xml
D:\CBReader2X\Bookcase\CBETA\XML\N\N02\N02n0001_011.xml
D:\CBReader2X\Bookcase\CBETA\XML\N\N02\N02n0001_012.xml
D:\CBReader2X\Bookcase\CBETA\XML\N\N02\N02n0001_013.xml
D:\CBReader2X\Bookcase\CBETA\XML\N\N02\N02n0001_014.xml
D:\CBReader2X\Bookcase\CBETA\XML\N\N02\N02n0001_015.xml
D:\CBReader2X\Bookcase\CBETA\XML\N\N03\N03n0002_001.xml
D:\CBReader2X\Bookcase\CBETA\XML\N\N03\N03n0002_002.xml
D:\CBReader2X\Bookcase\CBETA\XML\N\N03\N03n0002_003.xml
D:\CBReader2X\Bookcase\CBETA\XML\N\N03\N03n0002_004.xml
D:\CBReader2X\Bookcase\CBETA\XML\N\N03\N03n0002_005.xml
D:\CBReader2X\Bookcase\CBETA\XML\N\N03\N03n0002_006.xml
D:\CBReader2X\Bookcase\CBETA\XML\N\N03\N03n0002_007.xml
D:\CBReader2X\Bookcase\CBETA\XML\N\N03\N03n0002_008.xml
D:\CBReader2X\Bookcase\CBETA\XML\N\N03\N03n0002_009.xml
D:\CBReader2X\Bookcase\CBETA\XML\N\N03\N03n0002_010.xml
D:\CBReader2X\Bookcase\CBETA\XML\N\N04\N04n0002_011.xml
D:\CBReader2X\Bookcase\CBETA\XML\N\N04\N04n0002_012.xml
D:\CBReader2X\Bookcase\CBETA\XML\N\N04\N04n0002_013.xml
D:\CBReader2X\Bookcase\CBETA\XML\N\N04\N04n0002_014.xml
D:\CBReader2X\Bookcase\CBETA\XML\N\N04\N04n0002_015.xml
D:\CBReader2X\Bookcase\CBETA\XML\N\N04\N04n0002_016.xml
D:\CBReader2X\Bookcase\CBETA\XML\N\N04\N04n0002_017.xml
D:\CBReader2X\Bookcase\CBETA\XML\N\N04\N04n0002_018.xml
D:\CBReader2X\Bookcase\CBETA\XML\N\N04\N04n0002_019.xml
D:\CBReader2X\Bookcase\CBETA\XML\N\N04\N04n0002_020.xml
D:\CBReader2X\Bookcase\CBETA\XML\N\N04\N04n0002_021.xml
D:\CBReader2X\Bookcase\CBETA\XML\N\N04\N04n0002_022.xml
D:\CBReader2X\Bookcase\CBETA\XML\N\N05\N05n0003_001.xml
D:\CBReader2X\Bookcase\CBETA\XML\N\N05\N05n0003_002.xml
D:\CBReader2X\Bookcase\CBETA\XML\N\N05\N05n0003_003.xml
D:\CBReader2X\Bookcase\CBETA\XML\N\N05\N05n0003_004.xml
D:\CBReader2X\Bookcase\CBETA\XML\N\N05\N05n0003_005.xml
D:\CBReader2X\Bookcase\CBETA\XML\N\N05\N05n0003_006.xml
D:\CBReader2X\Bookcase\CBETA\XML\N\N05\N05n0003_007.xml
D:\CBReader2X\Bookcase\CBETA\XML\N\N05\N05n0003_008.xml
D:\CBReader2X\Bookcase\CBETA\XML\N\N05\N05n0003_009.xml
D:\CBReader2X\Bookcase\CBETA\XML\N\N05\N05n0003_010.xml
D:\CBReader2X\Bookcase\CBETA\XML\N\N05\N05n0003_011.xml
D:\CBReader2X\Bookcase\CBETA\XML\N\N05\N05n0003_012.xml
D:\CBReader2X\Bookcase\CBETA\XML\N\N05\N05n0003_013.xml
D:\CBReader2X\Bookcase\CBETA\XML\N\N05\N05n0003_014.xml
D:\CBReader2X\Bookcase\CBETA\XML\N\N05\N05n0003_015.xml
D:\CBReader2X\Bookcase\CBETA\XML\N\N05\N05n0003_016.xml
D:\CBReader2X\Bookcase\CBETA\XML\N\N05\N05n0003_017.xml
D:\CBReader2X\Bookcase\CBETA\XML\N\N05\N05n0003_018.xml
D:\CBReader2X\Bookcase\CBETA\XML\N\N05\N05n0003_019.xml
D:\CBReader2X\Bookcase\CBETA\XML\N\N06\N06n0004_001.xml
D:\CBReader2X\Bookcase\CBETA\XML\N\N06\N06n0004_002.xml
D:\CBReader2X\Bookcase\CBETA\XML\N\N06\N06n0004_003.xml
D:\CBReader2X\Bookcase\CBETA\XML\N\N06\N06n0004_004.xml
D:\CBReader2X\Bookcase\CBETA\XML\N\N06\N06n0004_005.xml
D:\CBReader2X\Bookcase\CBETA\XML\N\N06\N06n0004_006.xml
D:\CBReader2X\Bookcase\CBETA\XML\N\N06\N06n0004_007.xml
D:\CBReader2X\Bookcase\CBETA\XML\N\N06\N06n0004_008.xml
D:\CBReader2X\Bookcase\CBETA\XML\N\N06\N06n0004_009.xml
D:\CBReader2X\Bookcase\CBETA\XML\N\N06\N06n0004_010.xml
D:\CBReader2X\Bookcase\CBETA\XML\N\N06\N06n0004_011.xml
D:\CBReader2X\Bookcase\CBETA\XML\N\N06\N06n0004_012.xml
D:\CBReader2X\Bookcase\CBETA\XML\N\N06\N06n0004_013.xml
D:\CBReader2X\Bookcase\CBETA\XML\N\N06\N06n0004_014.xml
D:\CBReader2X\Bookcase\CBETA\XML\N\N07\N07n0004_015.xml
D:\CBReader2X\Bookcase\CBETA\XML\N\N07\N07n0004_016.xml
D:\CBReader2X\Bookcase\CBETA\XML\N\N07\N07n0004_017.xml
D:\CBReader2X\Bookcase\CBETA\XML\N\N07\N07n0004_018.xml
D:\CBReader2X\Bookcase\CBETA\XML\N\N07\N07n0004_019.xml
D:\CBReader2X\Bookcase\CBETA\XML\N\N07\N07n0004_020.xml
D:\CBReader2X\Bookcase\CBETA\XML\N\N07\N07n0004_021.xml
D:\CBReader2X\Bookcase\CBETA\XML\N\N07\N07n0004_022.xml
D:\CBReader2X\Bookcase\CBETA\XML\N\N07\N07n0004_023.xml
D:\CBReader2X\Bookcase\CBETA\XML\N\N08\N08n0004_024.xml
D:\CBReader2X\Bookcase\CBETA\XML\N\N08\N08n0004_025.xml
D:\CBReader2X\Bookcase\CBETA\XML\N\N08\N08n0004_026.xml
D:\CBReader2X\Bookcase\CBETA\XML\N\N08\N08n0004_027.xml
D:\CBReader2X\Bookcase\CBETA\XML\N\N08\N08n0004_028.xml
D:\CBReader2X\Bookcase\CBETA\XML\N\N08\N08n0004_029.xml
D:\CBReader2X\Bookcase\CBETA\XML\N\N08\N08n0004_030.xml
D:\CBReader2X\Bookcase\CBETA\XML\N\N08\N08n0004_031.xml
D:\CBReader2X\Bookcase\CBETA\XML\N\N08\N08n0004_032.xml
D:\CBReader2X\Bookcase\CBETA\XML\N\N08\N08n0004_033.xml
D:\CBReader2X\Bookcase\CBETA\XML\N\N08\N08n0004_034.xml
D:\CBReader2X\Bookcase\CBETA\XML\N\N09\N09n0005_001.xml
D:\CBReader2X\Bookcase\CBETA\XML\N\N09\N09n0005_002.xml
D:\CBReader2X\Bookcase\CBETA\XML\N\N09\N09n0005_003.xml
D:\CBReader2X\Bookcase\CBETA\XML\N\N09\N09n0005_004.xml
D:\CBReader2X\Bookcase\CBETA\XML\N\N10\N10n0005_005.xml
D:\CBReader2X\Bookcase\CBETA\XML\N\N10\N10n0005_006.xml
D:\CBReader2X\Bookcase\CBETA\XML\N\N10\N10n0005_007.xml
D:\CBReader2X\Bookcase\CBETA\XML\N\N10\N10n0005_008.xml
D:\CBReader2X\Bookcase\CBETA\XML\N\N11\N11n0005_009.xml
D:\CBReader2X\Bookcase\CBETA\XML\N\N11\N11n0005_010.xml
D:\CBReader2X\Bookcase\CBETA\XML\N\N11\N11n0005_011.xml
D:\CBReader2X\Bookcase\CBETA\XML\N\N11\N11n0005_012.xml
D:\CBReader2X\Bookcase\CBETA\XML\N\N12\N12n0005_013.xml
D:\CBReader2X\Bookcase\CBETA\XML\N\N12\N12n0005_014.xml
D:\CBReader2X\Bookcase\CBETA\XML\N\N12\N12n0005_015.xml
D:\CBReader2X\Bookcase\CBETA\XML\N\N12\N12n0005_016.xml
D:\CBReader2X\Bookcase\CBETA\XML\N\N13\N13n0006_001.xml
D:\CBReader2X\Bookcase\CBETA\XML\N\N13\N13n0006_002.xml
D:\CBReader2X\Bookcase\CBETA\XML\N\N13\N13n0006_003.xml
D:\CBReader2X\Bookcase\CBETA\XML\N\N13\N13n0006_004.xml
D:\CBReader2X\Bookcase\CBETA\XML\N\N13\N13n0006_005.xml
D:\CBReader2X\Bookcase\CBETA\XML\N\N13\N13n0006_006.xml
D:\CBReader2X\Bookcase\CBETA\XML\N\N13\N13n0006_007.xml
D:\CBReader2X\Bookcase\CBETA\XML\N\N13\N13n0006_008.xml
D:\CBReader2X\Bookcase\CBETA\XML\N\N13\N13n0006_009.xml
D:\CBReader2X\Bookcase\CBETA\XML\N\N13\N13n0006_010.xml
D:\CBReader2X\Bookcase\CBETA\XML\N\N13\N13n0006_011.xml
D:\CBReader2X\Bookcase\CBETA\XML\N\N14\N14n0006_012.xml
D:\CBReader2X\Bookcase\CBETA\XML\N\N14\N14n0006_013.xml
D:\CBReader2X\Bookcase\CBETA\XML\N\N14\N14n0006_014.xml
D:\CBReader2X\Bookcase\CBETA\XML\N\N14\N14n0006_015.xml
D:\CBReader2X\Bookcase\CBETA\XML\N\N14\N14n0006_016.xml
D:\CBReader2X\Bookcase\CBETA\XML\N\N14\N14n0006_017.xml
D:\CBReader2X\Bookcase\CBETA\XML\N\N14\N14n0006_018.xml
D:\CBReader2X\Bookcase\CBETA\XML\N\N14\N14n0006_019.xml
D:\CBReader2X\Bookcase\CBETA\XML\N\N14\N14n0006_020.xml
D:\CBReader2X\Bookcase\CBETA\XML\N\N14\N14n0006_021.xml
D:\CBReader2X\Bookcase\CBETA\XML\N\N15\N15n0006_022.xml
D:\CBReader2X\Bookcase\CBETA\XML\N\N15\N15n0006_023.xml
D:\CBReader2X\Bookcase\CBETA\XML\N\N15\N15n0006_024.xml
D:\CBReader2X\Bookcase\CBETA\XML\N\N15\N15n0006_025.xml
D:\CBReader2X\Bookcase\CBETA\XML\N\N15\N15n0006_026.xml
D:\CBReader2X\Bookcase\CBETA\XML\N\N15\N15n0006_027.xml
D:\CBReader2X\Bookcase\CBETA\XML\N\N15\N15n0006_028.xml
D:\CBReader2X\Bookcase\CBETA\XML\N\N15\N15n0006_029.xml
D:\CBReader2X\Bookcase\CBETA\XML\N\N15\N15n0006_030.xml
D:\CBReader2X\Bookcase\CBETA\XML\N\N15\N15n0006_031.xml
D:\CBReader2X\Bookcase\CBETA\XML\N\N15\N15n0006_032.xml
D:\CBReader2X\Bookcase\CBETA\XML\N\N15\N15n0006_033.xml
D:\CBReader2X\Bookcase\CBETA\XML\N\N15\N15n0006_034.xml
D:\CBReader2X\Bookcase\CBETA\XML\N\N16\N16n0006_035.xml
D:\CBReader2X\Bookcase\CBETA\XML\N\N16\N16n0006_036.xml
D:\CBReader2X\Bookcase\CBETA\XML\N\N16\N16n0006_037.xml
D:\CBReader2X\Bookcase\CBETA\XML\N\N16\N16n0006_038.xml
D:\CBReader2X\Bookcase\CBETA\XML\N\N16\N16n0006_039.xml
D:\CBReader2X\Bookcase\CBETA\XML\N\N16\N16n0006_040.xml
D:\CBReader2X\Bookcase\CBETA\XML\N\N16\N16n0006_041.xml
D:\CBReader2X\Bookcase\CBETA\XML\N\N17\N17n0006_042.xml
D:\CBReader2X\Bookcase\CBETA\XML\N\N17\N17n0006_043.xml
D:\CBReader2X\Bookcase\CBETA\XML\N\N17\N17n0006_044.xml
D:\CBReader2X\Bookcase\CBETA\XML\N\N17\N17n0006_045.xml
D:\CBReader2X\Bookcase\CBETA\XML\N\N17\N17n0006_046.xml
D:\CBReader2X\Bookcase\CBETA\XML\N\N17\N17n0006_047.xml
D:\CBReader2X\Bookcase\CBETA\XML\N\N18\N18n0006_048.xml
D:\CBReader2X\Bookcase\CBETA\XML\N\N18\N18n0006_049.xml
D:\CBReader2X\Bookcase\CBETA\XML\N\N18\N18n0006_050.xml
D:\CBReader2X\Bookcase\CBETA\XML\N\N18\N18n0006_051.xml
D:\CBReader2X\Bookcase\CBETA\XML\N\N18\N18n0006_052.xml
D:\CBReader2X\Bookcase\CBETA\XML\N\N18\N18n0006_053.xml
D:\CBReader2X\Bookcase\CBETA\XML\N\N18\N18n0006_054.xml
D:\CBReader2X\Bookcase\CBETA\XML\N\N18\N18n0006_055.xml
D:\CBReader2X\Bookcase\CBETA\XML\N\N18\N18n0006_056.xml
D:\CBReader2X\Bookcase\CBETA\XML\N\N19\N19n0007_001.xml
D:\CBReader2X\Bookcase\CBETA\XML\N\N19\N19n0007_002.xml
D:\CBReader2X\Bookcase\CBETA\XML\N\N19\N19n0007_003.xml
D:\CBReader2X\Bookcase\CBETA\XML\N\N20\N20n0007_004.xml
D:\CBReader2X\Bookcase\CBETA\XML\N\N21\N21n0007_005.xml
D:\CBReader2X\Bookcase\CBETA\XML\N\N22\N22n0007_006.xml
D:\CBReader2X\Bookcase\CBETA\XML\N\N22\N22n0007_007.xml
D:\CBReader2X\Bookcase\CBETA\XML\N\N23\N23n0007_008.xml
D:\CBReader2X\Bookcase\CBETA\XML\N\N24\N24n0007_009.xml
D:\CBReader2X\Bookcase\CBETA\XML\N\N24\N24n0007_010.xml
D:\CBReader2X\Bookcase\CBETA\XML\N\N25\N25n0007_011.xml
D:\CBReader2X\Bookcase\CBETA\XML\N\N25\N25n0007_012.xml
D:\CBReader2X\Bookcase\CBETA\XML\N\N26\N26n0008_001.xml
D:\CBReader2X\Bookcase\CBETA\XML\N\N26\N26n0009_001.xml
D:\CBReader2X\Bookcase\CBETA\XML\N\N26\N26n0010_001.xml
D:\CBReader2X\Bookcase\CBETA\XML\N\N26\N26n0011_001.xml
D:\CBReader2X\Bookcase\CBETA\XML\N\N27\N27n0012_001.xml
D:\CBReader2X\Bookcase\CBETA\XML\N\N27\N27n0013_001.xml
D:\CBReader2X\Bookcase\CBETA\XML\N\N28\N28n0014_001.xml
D:\CBReader2X\Bookcase\CBETA\XML\N\N28\N28n0015_001.xml
D:\CBReader2X\Bookcase\CBETA\XML\N\N28\N28n0016_001.xml
D:\CBReader2X\Bookcase\CBETA\XML\N\N29\N29n0017_001.xml
D:\CBReader2X\Bookcase\CBETA\XML\N\N29\N29n0017_002.xml
D:\CBReader2X\Bookcase\CBETA\XML\N\N29\N29n0017_003.xml
D:\CBReader2X\Bookcase\CBETA\XML\N\N29\N29n0017_004.xml
D:\CBReader2X\Bookcase\CBETA\XML\N\N29\N29n0017_005.xml
D:\CBReader2X\Bookcase\CBETA\XML\N\N29\N29n0017_006.xml
D:\CBReader2X\Bookcase\CBETA\XML\N\N29\N29n0017_007.xml
D:\CBReader2X\Bookcase\CBETA\XML\N\N29\N29n0017_008.xml
D:\CBReader2X\Bookcase\CBETA\XML\N\N29\N29n0017_009.xml
D:\CBReader2X\Bookcase\CBETA\XML\N\N29\N29n0017_010.xml
D:\CBReader2X\Bookcase\CBETA\XML\N\N29\N29n0017_011.xml
D:\CBReader2X\Bookcase\CBETA\XML\N\N29\N29n0017_012.xml
D:\CBReader2X\Bookcase\CBETA\XML\N\N29\N29n0017_013.xml
D:\CBReader2X\Bookcase\CBETA\XML\N\N29\N29n0017_014.xml
D:\CBReader2X\Bookcase\CBETA\XML\N\N29\N29n0017_015.xml
D:\CBReader2X\Bookcase\CBETA\XML\N\N29\N29n0017_016.xml
D:\CBReader2X\Bookcase\CBETA\XML\N\N29\N29n0017_017.xml
D:\CBReader2X\Bookcase\CBETA\XML\N\N29\N29n0017_018.xml
D:\CBReader2X\Bookcase\CBETA\XML\N\N29\N29n0017_019.xml
D:\CBReader2X\Bookcase\CBETA\XML\N\N29\N29n0017_020.xml
D:\CBReader2X\Bookcase\CBETA\XML\N\N29\N29n0017_021.xml
D:\CBReader2X\Bookcase\CBETA\XML\N\N29\N29n0017_022.xml
D:\CBReader2X\Bookcase\CBETA\XML\N\N29\N29n0017_023.xml
D:\CBReader2X\Bookcase\CBETA\XML\N\N29\N29n0017_024.xml
D:\CBReader2X\Bookcase\CBETA\XML\N\N29\N29n0017_025.xml
D:\CBReader2X\Bookcase\CBETA\XML\N\N29\N29n0017_026.xml
D:\CBReader2X\Bookcase\CBETA\XML\N\N29\N29n0017_027.xml
D:\CBReader2X\Bookcase\CBETA\XML\N\N29\N29n0017_028.xml
D:\CBReader2X\Bookcase\CBETA\XML\N\N29\N29n0017_029.xml
D:\CBReader2X\Bookcase\CBETA\XML\N\N29\N29n0017_030.xml
D:\CBReader2X\Bookcase\CBETA\XML\N\N29\N29n0017_031.xml
D:\CBReader2X\Bookcase\CBETA\XML\N\N29\N29n0017_032.xml
D:\CBReader2X\Bookcase\CBETA\XML\N\N29\N29n0017_033.xml
D:\CBReader2X\Bookcase\CBETA\XML\N\N29\N29n0017_034.xml
D:\CBReader2X\Bookcase\CBETA\XML\N\N29\N29n0017_035.xml
D:\CBReader2X\Bookcase\CBETA\XML\N\N29\N29n0017_036.xml
D:\CBReader2X\Bookcase\CBETA\XML\N\N29\N29n0017_037.xml
D:\CBReader2X\Bookcase\CBETA\XML\N\N29\N29n0017_038.xml
D:\CBReader2X\Bookcase\CBETA\XML\N\N29\N29n0017_039.xml
D:\CBReader2X\Bookcase\CBETA\XML\N\N30\N30n0017_040.xml
D:\CBReader2X\Bookcase\CBETA\XML\N\N30\N30n0017_041.xml
D:\CBReader2X\Bookcase\CBETA\XML\N\N30\N30n0017_042.xml
D:\CBReader2X\Bookcase\CBETA\XML\N\N30\N30n0017_043.xml
D:\CBReader2X\Bookcase\CBETA\XML\N\N30\N30n0017_044.xml
D:\CBReader2X\Bookcase\CBETA\XML\N\N30\N30n0017_045.xml
D:\CBReader2X\Bookcase\CBETA\XML\N\N30\N30n0017_046.xml
D:\CBReader2X\Bookcase\CBETA\XML\N\N30\N30n0017_047.xml
D:\CBReader2X\Bookcase\CBETA\XML\N\N30\N30n0017_048.xml
D:\CBReader2X\Bookcase\CBETA\XML\N\N30\N30n0017_049.xml
D:\CBReader2X\Bookcase\CBETA\XML\N\N30\N30n0017_050.xml
D:\CBReader2X\Bookcase\CBETA\XML\N\N30\N30n0017_051.xml
D:\CBReader2X\Bookcase\CBETA\XML\N\N30\N30n0017_052.xml
D:\CBReader2X\Bookcase\CBETA\XML\N\N30\N30n0017_053.xml
D:\CBReader2X\Bookcase\CBETA\XML\N\N30\N30n0017_054.xml
D:\CBReader2X\Bookcase\CBETA\XML\N\N30\N30n0017_055.xml
D:\CBReader2X\Bookcase\CBETA\XML\N\N30\N30n0017_056.xml
D:\CBReader2X\Bookcase\CBETA\XML\N\N30\N30n0017_057.xml
D:\CBReader2X\Bookcase\CBETA\XML\N\N30\N30n0017_058.xml
D:\CBReader2X\Bookcase\CBETA\XML\N\N30\N30n0017_059.xml
D:\CBReader2X\Bookcase\CBETA\XML\N\N31\N31n0018_001.xml
D:\CBReader2X\Bookcase\CBETA\XML\N\N31\N31n0018_002.xml
D:\CBReader2X\Bookcase\CBETA\XML\N\N32\N32n0018_003.xml
D:\CBReader2X\Bookcase\CBETA\XML\N\N33\N33n0018_004.xml
D:\CBReader2X\Bookcase\CBETA\XML\N\N34\N34n0018_005.xml
D:\CBReader2X\Bookcase\CBETA\XML\N\N34\N34n0018_006.xml
D:\CBReader2X\Bookcase\CBETA\XML\N\N35\N35n0018_007.xml
D:\CBReader2X\Bookcase\CBETA\XML\N\N35\N35n0018_008.xml
D:\CBReader2X\Bookcase\CBETA\XML\N\N35\N35n0018_009.xml
D:\CBReader2X\Bookcase\CBETA\XML\N\N36\N36n0018_010.xml
D:\CBReader2X\Bookcase\CBETA\XML\N\N36\N36n0018_011.xml
D:\CBReader2X\Bookcase\CBETA\XML\N\N36\N36n0018_012.xml
D:\CBReader2X\Bookcase\CBETA\XML\N\N36\N36n0018_013.xml
D:\CBReader2X\Bookcase\CBETA\XML\N\N37\N37n0018_014.xml
D:\CBReader2X\Bookcase\CBETA\XML\N\N37\N37n0018_015.xml
D:\CBReader2X\Bookcase\CBETA\XML\N\N37\N37n0018_016.xml
D:\CBReader2X\Bookcase\CBETA\XML\N\N38\N38n0018_017.xml
D:\CBReader2X\Bookcase\CBETA\XML\N\N38\N38n0018_018.xml
D:\CBReader2X\Bookcase\CBETA\XML\N\N39\N39n0018_019.xml
D:\CBReader2X\Bookcase\CBETA\XML\N\N39\N39n0018_020.xml
D:\CBReader2X\Bookcase\CBETA\XML\N\N39\N39n0018_021.xml
D:\CBReader2X\Bookcase\CBETA\XML\N\N39\N39n0018_022.xml
D:\CBReader2X\Bookcase\CBETA\XML\N\N40\N40n0018_023.xml
D:\CBReader2X\Bookcase\CBETA\XML\N\N40\N40n0018_024.xml
D:\CBReader2X\Bookcase\CBETA\XML\N\N41\N41n0018_025.xml
D:\CBReader2X\Bookcase\CBETA\XML\N\N42\N42n0018_026.xml
D:\CBReader2X\Bookcase\CBETA\XML\N\N43\N43n0019_001.xml
D:\CBReader2X\Bookcase\CBETA\XML\N\N43\N43n0019_002.xml
D:\CBReader2X\Bookcase\CBETA\XML\N\N44\N44n0019_003.xml
D:\CBReader2X\Bookcase\CBETA\XML\N\N44\N44n0019_004.xml
D:\CBReader2X\Bookcase\CBETA\XML\N\N44\N44n0020_001.xml
D:\CBReader2X\Bookcase\CBETA\XML\N\N44\N44n0021_001.xml
D:\CBReader2X\Bookcase\CBETA\XML\N\N45\N45n0022_001.xml
D:\CBReader2X\Bookcase\CBETA\XML\N\N45\N45n0022_002.xml
D:\CBReader2X\Bookcase\CBETA\XML\N\N45\N45n0022_003.xml
D:\CBReader2X\Bookcase\CBETA\XML\N\N45\N45n0022_004.xml
D:\CBReader2X\Bookcase\CBETA\XML\N\N45\N45n0022_005.xml
D:\CBReader2X\Bookcase\CBETA\XML\N\N45\N45n0022_006.xml
D:\CBReader2X\Bookcase\CBETA\XML\N\N45\N45n0022_007.xml
D:\CBReader2X\Bookcase\CBETA\XML\N\N45\N45n0022_008.xml
D:\CBReader2X\Bookcase\CBETA\XML\N\N45\N45n0022_009.xml
D:\CBReader2X\Bookcase\CBETA\XML\N\N45\N45n0022_010.xml
D:\CBReader2X\Bookcase\CBETA\XML\N\N46\N46n0022_011.xml
D:\CBReader2X\Bookcase\CBETA\XML\N\N46\N46n0022_012.xml
D:\CBReader2X\Bookcase\CBETA\XML\N\N46\N46n0022_013.xml
D:\CBReader2X\Bookcase\CBETA\XML\N\N46\N46n0022_014.xml
D:\CBReader2X\Bookcase\CBETA\XML\N\N46\N46n0022_015.xml
D:\CBReader2X\Bookcase\CBETA\XML\N\N46\N46n0022_016.xml
D:\CBReader2X\Bookcase\CBETA\XML\N\N47\N47n0023_001.xml
D:\CBReader2X\Bookcase\CBETA\XML\N\N47\N47n0023_002.xml
D:\CBReader2X\Bookcase\CBETA\XML\N\N47\N47n0023_003.xml
D:\CBReader2X\Bookcase\CBETA\XML\N\N47\N47n0023_004.xml
D:\CBReader2X\Bookcase\CBETA\XML\N\N47\N47n0023_005.xml
D:\CBReader2X\Bookcase\CBETA\XML\N\N47\N47n0023_006.xml
D:\CBReader2X\Bookcase\CBETA\XML\N\N47\N47n0023_007.xml
D:\CBReader2X\Bookcase\CBETA\XML\N\N47\N47n0023_008.xml
D:\CBReader2X\Bookcase\CBETA\XML\N\N47\N47n0023_009.xml
D:\CBReader2X\Bookcase\CBETA\XML\N\N47\N47n0023_010.xml
D:\CBReader2X\Bookcase\CBETA\XML\N\N47\N47n0023_011.xml
D:\CBReader2X\Bookcase\CBETA\XML\N\N47\N47n0023_012.xml
D:\CBReader2X\Bookcase\CBETA\XML\N\N47\N47n0023_013.xml
D:\CBReader2X\Bookcase\CBETA\XML\N\N47\N47n0023_014.xml
D:\CBReader2X\Bookcase\CBETA\XML\N\N47\N47n0023_015.xml
D:\CBReader2X\Bookcase\CBETA\XML\N\N47\N47n0023_016.xml
D:\CBReader2X\Bookcase\CBETA\XML\N\N47\N47n0023_017.xml
D:\CBReader2X\Bookcase\CBETA\XML\N\N47\N47n0023_018.xml
D:\CBReader2X\Bookcase\CBETA\XML\N\N47\N47n0023_019.xml
D:\CBReader2X\Bookcase\CBETA\XML\N\N48\N48n0024_001.xml
D:\CBReader2X\Bookcase\CBETA\XML\N\N48\N48n0024_002.xml
D:\CBReader2X\Bookcase\CBETA\XML\N\N48\N48n0024_003.xml
D:\CBReader2X\Bookcase\CBETA\XML\N\N48\N48n0024_004.xml
D:\CBReader2X\Bookcase\CBETA\XML\N\N48\N48n0024_005.xml
D:\CBReader2X\Bookcase\CBETA\XML\N\N49\N49n0025_001.xml
D:\CBReader2X\Bookcase\CBETA\XML\N\N49\N49n0025_002.xml
D:\CBReader2X\Bookcase\CBETA\XML\N\N49\N49n0025_003.xml
D:\CBReader2X\Bookcase\CBETA\XML\N\N49\N49n0025_004.xml
D:\CBReader2X\Bookcase\CBETA\XML\N\N49\N49n0025_005.xml
D:\CBReader2X\Bookcase\CBETA\XML\N\N49\N49n0025_006.xml
D:\CBReader2X\Bookcase\CBETA\XML\N\N49\N49n0025_007.xml
D:\CBReader2X\Bookcase\CBETA\XML\N\N49\N49n0025_008.xml
D:\CBReader2X\Bookcase\CBETA\XML\N\N49\N49n0025_009.xml
D:\CBReader2X\Bookcase\CBETA\XML\N\N49\N49n0025_010.xml
D:\CBReader2X\Bookcase\CBETA\XML\N\N49\N49n0025_011.xml
D:\CBReader2X\Bookcase\CBETA\XML\N\N49\N49n0025_012.xml
D:\CBReader2X\Bookcase\CBETA\XML\N\N49\N49n0025_013.xml
D:\CBReader2X\Bookcase\CBETA\XML\N\N49\N49n0025_014.xml
D:\CBReader2X\Bookcase\CBETA\XML\N\N49\N49n0025_015.xml
D:\CBReader2X\Bookcase\CBETA\XML\N\N50\N50n0025_016.xml
D:\CBReader2X\Bookcase\CBETA\XML\N\N50\N50n0025_017.xml
D:\CBReader2X\Bookcase\CBETA\XML\N\N50\N50n0025_018.xml
D:\CBReader2X\Bookcase\CBETA\XML\N\N50\N50n0026_001.xml
D:\CBReader2X\Bookcase\CBETA\XML\N\N50\N50n0026_002.xml
D:\CBReader2X\Bookcase\CBETA\XML\N\N50\N50n0027_001.xml
D:\CBReader2X\Bookcase\CBETA\XML\N\N51\N51n0028_001.xml
D:\CBReader2X\Bookcase\CBETA\XML\N\N51\N51n0028_002.xml
D:\CBReader2X\Bookcase\CBETA\XML\N\N51\N51n0028_003.xml
D:\CBReader2X\Bookcase\CBETA\XML\N\N51\N51n0028_004.xml
D:\CBReader2X\Bookcase\CBETA\XML\N\N51\N51n0028_005.xml
D:\CBReader2X\Bookcase\CBETA\XML\N\N51\N51n0028_006.xml
D:\CBReader2X\Bookcase\CBETA\XML\N\N52\N52n0028_007.xml
D:\CBReader2X\Bookcase\CBETA\XML\N\N53\N53n0028_008.xml
D:\CBReader2X\Bookcase\CBETA\XML\N\N53\N53n0028_009.xml
D:\CBReader2X\Bookcase\CBETA\XML\N\N53\N53n0028_010.xml
D:\CBReader2X\Bookcase\CBETA\XML\N\N54\N54n0029_001.xml
D:\CBReader2X\Bookcase\CBETA\XML\N\N54\N54n0029_002.xml
D:\CBReader2X\Bookcase\CBETA\XML\N\N55\N55n0029_003.xml
D:\CBReader2X\Bookcase\CBETA\XML\N\N55\N55n0029_004.xml
D:\CBReader2X\Bookcase\CBETA\XML\N\N56\N56n0029_005.xml
D:\CBReader2X\Bookcase\CBETA\XML\N\N56\N56n0029_006.xml
D:\CBReader2X\Bookcase\CBETA\XML\N\N57\N57n0029_007.xml
D:\CBReader2X\Bookcase\CBETA\XML\N\N58\N58n0029_008.xml
D:\CBReader2X\Bookcase\CBETA\XML\N\N58\N58n0029_009.xml
D:\CBReader2X\Bookcase\CBETA\XML\N\N59\N59n0029_010.xml
D:\CBReader2X\Bookcase\CBETA\XML\N\N60\N60n0029_011.xml
D:\CBReader2X\Bookcase\CBETA\XML\N\N60\N60n0029_012.xml
D:\CBReader2X\Bookcase\CBETA\XML\N\N61\N61n0030_001.xml
D:\CBReader2X\Bookcase\CBETA\XML\N\N61\N61n0030_002.xml
D:\CBReader2X\Bookcase\CBETA\XML\N\N61\N61n0030_003.xml
D:\CBReader2X\Bookcase\CBETA\XML\N\N61\N61n0030_004.xml
D:\CBReader2X\Bookcase\CBETA\XML\N\N61\N61n0030_005.xml
D:\CBReader2X\Bookcase\CBETA\XML\N\N62\N62n0030_006.xml
D:\CBReader2X\Bookcase\CBETA\XML\N\N62\N62n0030_007.xml
D:\CBReader2X\Bookcase\CBETA\XML\N\N62\N62n0030_008.xml
D:\CBReader2X\Bookcase\CBETA\XML\N\N62\N62n0030_009.xml
D:\CBReader2X\Bookcase\CBETA\XML\N\N62\N62n0030_010.xml
D:\CBReader2X\Bookcase\CBETA\XML\N\N62\N62n0030_011.xml
D:\CBReader2X\Bookcase\CBETA\XML\N\N62\N62n0030_012.xml
D:\CBReader2X\Bookcase\CBETA\XML\N\N62\N62n0030_013.xml
D:\CBReader2X\Bookcase\CBETA\XML\N\N62\N62n0030_014.xml
D:\CBReader2X\Bookcase\CBETA\XML\N\N62\N62n0030_015.xml
D:\CBReader2X\Bookcase\CBETA\XML\N\N62\N62n0030_016.xml
D:\CBReader2X\Bookcase\CBETA\XML\N\N62\N62n0030_017.xml
D:\CBReader2X\Bookcase\CBETA\XML\N\N62\N62n0030_018.xml
D:\CBReader2X\Bookcase\CBETA\XML\N\N62\N62n0030_019.xml
D:\CBReader2X\Bookcase\CBETA\XML\N\N62\N62n0030_020.xml
D:\CBReader2X\Bookcase\CBETA\XML\N\N62\N62n0030_021.xml
D:\CBReader2X\Bookcase\CBETA\XML\N\N62\N62n0030_022.xml
D:\CBReader2X\Bookcase\CBETA\XML\N\N62\N62n0030_023.xml
D:\CBReader2X\Bookcase\CBETA\XML\N\N63\N63n0031_001.xml
D:\CBReader2X\Bookcase\CBETA\XML\N\N63\N63n0031_002.xml
D:\CBReader2X\Bookcase\CBETA\XML\N\N63\N63n0031_003.xml
D:\CBReader2X\Bookcase\CBETA\XML\N\N63\N63n0031_004.xml
D:\CBReader2X\Bookcase\CBETA\XML\N\N63\N63n0031_005.xml
D:\CBReader2X\Bookcase\CBETA\XML\N\N63\N63n0031_006.xml
D:\CBReader2X\Bookcase\CBETA\XML\N\N63\N63n0031_007.xml
D:\CBReader2X\Bookcase\CBETA\XML\N\N63\N63n0031_008.xml
D:\CBReader2X\Bookcase\CBETA\XML\N\N63\N63n0031_009.xml
D:\CBReader2X\Bookcase\CBETA\XML\N\N63\N63n0031_010.xml
D:\CBReader2X\Bookcase\CBETA\XML\N\N63\N63n0031_011.xml
D:\CBReader2X\Bookcase\CBETA\XML\N\N63\N63n0031_012.xml
D:\CBReader2X\Bookcase\CBETA\XML\N\N63\N63n0031_013.xml
D:\CBReader2X\Bookcase\CBETA\XML\N\N64\N64n0031_014.xml
D:\CBReader2X\Bookcase\CBETA\XML\N\N64\N64n0031_015.xml
D:\CBReader2X\Bookcase\CBETA\XML\N\N64\N64n0031_016.xml
D:\CBReader2X\Bookcase\CBETA\XML\N\N64\N64n0031_017.xml
D:\CBReader2X\Bookcase\CBETA\XML\N\N64\N64n0031_018.xml
D:\CBReader2X\Bookcase\CBETA\XML\N\N64\N64n0031_019.xml
D:\CBReader2X\Bookcase\CBETA\XML\N\N64\N64n0031_020.xml
D:\CBReader2X\Bookcase\CBETA\XML\N\N64\N64n0031_021.xml
D:\CBReader2X\Bookcase\CBETA\XML\N\N64\N64n0031_022.xml
D:\CBReader2X\Bookcase\CBETA\XML\N\N64\N64n0031_023.xml
D:\CBReader2X\Bookcase\CBETA\XML\N\N64\N64n0031_024.xml
D:\CBReader2X\Bookcase\CBETA\XML\N\N64\N64n0031_025.xml
D:\CBReader2X\Bookcase\CBETA\XML\N\N65\N65n0032_001.xml
D:\CBReader2X\Bookcase\CBETA\XML\N\N65\N65n0032_002.xml
D:\CBReader2X\Bookcase\CBETA\XML\N\N65\N65n0032_003.xml
D:\CBReader2X\Bookcase\CBETA\XML\N\N65\N65n0032_004.xml
D:\CBReader2X\Bookcase\CBETA\XML\N\N65\N65n0032_005.xml
D:\CBReader2X\Bookcase\CBETA\XML\N\N65\N65n0032_006.xml
D:\CBReader2X\Bookcase\CBETA\XML\N\N65\N65n0032_007.xml
D:\CBReader2X\Bookcase\CBETA\XML\N\N65\N65n0032_008.xml
D:\CBReader2X\Bookcase\CBETA\XML\N\N65\N65n0032_009.xml
D:\CBReader2X\Bookcase\CBETA\XML\N\N65\N65n0032_010.xml
D:\CBReader2X\Bookcase\CBETA\XML\N\N65\N65n0032_011.xml
D:\CBReader2X\Bookcase\CBETA\XML\N\N65\N65n0032_012.xml
D:\CBReader2X\Bookcase\CBETA\XML\N\N65\N65n0032_013.xml
D:\CBReader2X\Bookcase\CBETA\XML\N\N65\N65n0032_014.xml
D:\CBReader2X\Bookcase\CBETA\XML\N\N65\N65n0032_015.xml
D:\CBReader2X\Bookcase\CBETA\XML\N\N65\N65n0032_016.xml
D:\CBReader2X\Bookcase\CBETA\XML\N\N65\N65n0032_017.xml
D:\CBReader2X\Bookcase\CBETA\XML\N\N65\N65n0032_018.xml
D:\CBReader2X\Bookcase\CBETA\XML\N\N65\N65n0032_019.xml
D:\CBReader2X\Bookcase\CBETA\XML\N\N65\N65n0032_020.xml
D:\CBReader2X\Bookcase\CBETA\XML\N\N65\N65n0032_021.xml
D:\CBReader2X\Bookcase\CBETA\XML\N\N65\N65n0032_022.xml
D:\CBReader2X\Bookcase\CBETA\XML\N\N65\N65n0033_001.xml
D:\CBReader2X\Bookcase\CBETA\XML\N\N65\N65n0033_002.xml
D:\CBReader2X\Bookcase\CBETA\XML\N\N65\N65n0033_003.xml
D:\CBReader2X\Bookcase\CBETA\XML\N\N65\N65n0033_004.xml
D:\CBReader2X\Bookcase\CBETA\XML\N\N65\N65n0033_005.xml
D:\CBReader2X\Bookcase\CBETA\XML\N\N65\N65n0033_006.xml
D:\CBReader2X\Bookcase\CBETA\XML\N\N65\N65n0033_007.xml
D:\CBReader2X\Bookcase\CBETA\XML\N\N65\N65n0033_008.xml
D:\CBReader2X\Bookcase\CBETA\XML\N\N65\N65n0033_009.xml
D:\CBReader2X\Bookcase\CBETA\XML\N\N65\N65n0033_010.xml
D:\CBReader2X\Bookcase\CBETA\XML\N\N65\N65n0033_011.xml
D:\CBReader2X\Bookcase\CBETA\XML\N\N65\N65n0033_012.xml
D:\CBReader2X\Bookcase\CBETA\XML\N\N65\N65n0033_013.xml
D:\CBReader2X\Bookcase\CBETA\XML\N\N65\N65n0033_014.xml
D:\CBReader2X\Bookcase\CBETA\XML\N\N65\N65n0033_015.xml
D:\CBReader2X\Bookcase\CBETA\XML\N\N65\N65n0033_016.xml
D:\CBReader2X\Bookcase\CBETA\XML\N\N65\N65n0033_017.xml
D:\CBReader2X\Bookcase\CBETA\XML\N\N65\N65n0033_018.xml
D:\CBReader2X\Bookcase\CBETA\XML\N\N65\N65n0033_019.xml
D:\CBReader2X\Bookcase\CBETA\XML\N\N65\N65n0033_020.xml
D:\CBReader2X\Bookcase\CBETA\XML\N\N65\N65n0033_021.xml
D:\CBReader2X\Bookcase\CBETA\XML\N\N65\N65n0033_022.xml
D:\CBReader2X\Bookcase\CBETA\XML\N\N65\N65n0033_023.xml
D:\CBReader2X\Bookcase\CBETA\XML\N\N65\N65n0033_024.xml
D:\CBReader2X\Bookcase\CBETA\XML\N\N65\N65n0033_025.xml
D:\CBReader2X\Bookcase\CBETA\XML\N\N65\N65n0033_026.xml
D:\CBReader2X\Bookcase\CBETA\XML\N\N65\N65n0033_027.xml
D:\CBReader2X\Bookcase\CBETA\XML\N\N65\N65n0033_028.xml
D:\CBReader2X\Bookcase\CBETA\XML\N\N65\N65n0033_029.xml
D:\CBReader2X\Bookcase\CBETA\XML\N\N65\N65n0033_030.xml
D:\CBReader2X\Bookcase\CBETA\XML\N\N65\N65n0033_031.xml
D:\CBReader2X\Bookcase\CBETA\XML\N\N65\N65n0033_032.xml
D:\CBReader2X\Bookcase\CBETA\XML\N\N65\N65n0033_033.xml
D:\CBReader2X\Bookcase\CBETA\XML\N\N65\N65n0033_034.xml
D:\CBReader2X\Bookcase\CBETA\XML\N\N65\N65n0033_035.xml
D:\CBReader2X\Bookcase\CBETA\XML\N\N65\N65n0033_036.xml
D:\CBReader2X\Bookcase\CBETA\XML\N\N65\N65n0033_037.xml
D:\CBReader2X\Bookcase\CBETA\XML\N\N66\N66n0034_001.xml
D:\CBReader2X\Bookcase\CBETA\XML\N\N66\N66n0034_002.xml
D:\CBReader2X\Bookcase\CBETA\XML\N\N66\N66n0034_003.xml
D:\CBReader2X\Bookcase\CBETA\XML\N\N66\N66n0034_004.xml
D:\CBReader2X\Bookcase\CBETA\XML\N\N66\N66n0034_005.xml
D:\CBReader2X\Bookcase\CBETA\XML\N\N66\N66n0034_006.xml
D:\CBReader2X\Bookcase\CBETA\XML\N\N66\N66n0034_007.xml
D:\CBReader2X\Bookcase\CBETA\XML\N\N66\N66n0034_008.xml
D:\CBReader2X\Bookcase\CBETA\XML\N\N66\N66n0034_009.xml
D:\CBReader2X\Bookcase\CBETA\XML\N\N66\N66n0034_010.xml
D:\CBReader2X\Bookcase\CBETA\XML\N\N66\N66n0034_011.xml
D:\CBReader2X\Bookcase\CBETA\XML\N\N66\N66n0034_012.xml
D:\CBReader2X\Bookcase\CBETA\XML\N\N66\N66n0034_013.xml
D:\CBReader2X\Bookcase\CBETA\XML\N\N66\N66n0034_014.xml
D:\CBReader2X\Bookcase\CBETA\XML\N\N66\N66n0034_015.xml
D:\CBReader2X\Bookcase\CBETA\XML\N\N66\N66n0034_016.xml
D:\CBReader2X\Bookcase\CBETA\XML\N\N66\N66n0034_017.xml
D:\CBReader2X\Bookcase\CBETA\XML\N\N66\N66n0034_018.xml
D:\CBReader2X\Bookcase\CBETA\XML\N\N66\N66n0034_019.xml
D:\CBReader2X\Bookcase\CBETA\XML\N\N66\N66n0034_020.xml
D:\CBReader2X\Bookcase\CBETA\XML\N\N66\N66n0034_021.xml
D:\CBReader2X\Bookcase\CBETA\XML\N\N66\N66n0034_022.xml
D:\CBReader2X\Bookcase\CBETA\XML\N\N66\N66n0034_023.xml
D:\CBReader2X\Bookcase\CBETA\XML\N\N66\N66n0034_024.xml
D:\CBReader2X\Bookcase\CBETA\XML\N\N66\N66n0034_025.xml
D:\CBReader2X\Bookcase\CBETA\XML\N\N66\N66n0034_026.xml
D:\CBReader2X\Bookcase\CBETA\XML\N\N66\N66n0034_027.xml
D:\CBReader2X\Bookcase\CBETA\XML\N\N66\N66n0034_028.xml
D:\CBReader2X\Bookcase\CBETA\XML\N\N66\N66n0034_029.xml
D:\CBReader2X\Bookcase\CBETA\XML\N\N66\N66n0034_030.xml
D:\CBReader2X\Bookcase\CBETA\XML\N\N66\N66n0034_031.xml
D:\CBReader2X\Bookcase\CBETA\XML\N\N66\N66n0034_032.xml
D:\CBReader2X\Bookcase\CBETA\XML\N\N66\N66n0034_033.xml
D:\CBReader2X\Bookcase\CBETA\XML\N\N66\N66n0034_034.xml
D:\CBReader2X\Bookcase\CBETA\XML\N\N66\N66n0034_035.xml
D:\CBReader2X\Bookcase\CBETA\XML\N\N66\N66n0034_036.xml
D:\CBReader2X\Bookcase\CBETA\XML\N\N66\N66n0034_037.xml
D:\CBReader2X\Bookcase\CBETA\XML\N\N66\N66n0034_038.xml
D:\CBReader2X\Bookcase\CBETA\XML\N\N66\N66n0034_039.xml
D:\CBReader2X\Bookcase\CBETA\XML\N\N66\N66n0034_040.xml
D:\CBReader2X\Bookcase\CBETA\XML\N\N66\N66n0034_041.xml
D:\CBReader2X\Bookcase\CBETA\XML\N\N66\N66n0034_042.xml
D:\CBReader2X\Bookcase\CBETA\XML\N\N66\N66n0034_043.xml
D:\CBReader2X\Bookcase\CBETA\XML\N\N66\N66n0034_044.xml
D:\CBReader2X\Bookcase\CBETA\XML\N\N66\N66n0034_045.xml
D:\CBReader2X\Bookcase\CBETA\XML\N\N66\N66n0034_046.xml
D:\CBReader2X\Bookcase\CBETA\XML\N\N66\N66n0034_047.xml
D:\CBReader2X\Bookcase\CBETA\XML\N\N66\N66n0034_048.xml
D:\CBReader2X\Bookcase\CBETA\XML\N\N66\N66n0034_049.xml
D:\CBReader2X\Bookcase\CBETA\XML\N\N66\N66n0034_050.xml
D:\CBReader2X\Bookcase\CBETA\XML\N\N66\N66n0034_051.xml
D:\CBReader2X\Bookcase\CBETA\XML\N\N66\N66n0034_052.xml
D:\CBReader2X\Bookcase\CBETA\XML\N\N66\N66n0034_053.xml
D:\CBReader2X\Bookcase\CBETA\XML\N\N66\N66n0034_054.xml
D:\CBReader2X\Bookcase\CBETA\XML\N\N66\N66n0034_055.xml
D:\CBReader2X\Bookcase\CBETA\XML\N\N66\N66n0034_056.xml
D:\CBReader2X\Bookcase\CBETA\XML\N\N66\N66n0034_057.xml
D:\CBReader2X\Bookcase\CBETA\XML\N\N66\N66n0034_058.xml
D:\CBReader2X\Bookcase\CBETA\XML\N\N66\N66n0034_059.xml
D:\CBReader2X\Bookcase\CBETA\XML\N\N66\N66n0034_060.xml
D:\CBReader2X\Bookcase\CBETA\XML\N\N66\N66n0034_061.xml
D:\CBReader2X\Bookcase\CBETA\XML\N\N66\N66n0034_062.xml
D:\CBReader2X\Bookcase\CBETA\XML\N\N66\N66n0034_063.xml
D:\CBReader2X\Bookcase\CBETA\XML\N\N66\N66n0034_064.xml
D:\CBReader2X\Bookcase\CBETA\XML\N\N66\N66n0034_065.xml
D:\CBReader2X\Bookcase\CBETA\XML\N\N67\N67n0035_001.xml
D:\CBReader2X\Bookcase\CBETA\XML\N\N67\N67n0035_002.xml
D:\CBReader2X\Bookcase\CBETA\XML\N\N67\N67n0035_003.xml
D:\CBReader2X\Bookcase\CBETA\XML\N\N67\N67n0035_004.xml
D:\CBReader2X\Bookcase\CBETA\XML\N\N67\N67n0035_005.xml
D:\CBReader2X\Bookcase\CBETA\XML\N\N67\N67n0035_006.xml
D:\CBReader2X\Bookcase\CBETA\XML\N\N67\N67n0035_007.xml
D:\CBReader2X\Bookcase\CBETA\XML\N\N68\N68n0035_008.xml
D:\CBReader2X\Bookcase\CBETA\XML\N\N68\N68n0035_009.xml
D:\CBReader2X\Bookcase\CBETA\XML\N\N68\N68n0035_010.xml
D:\CBReader2X\Bookcase\CBETA\XML\N\N68\N68n0035_011.xml
D:\CBReader2X\Bookcase\CBETA\XML\N\N68\N68n0035_012.xml
D:\CBReader2X\Bookcase\CBETA\XML\N\N68\N68n0035_013.xml
D:\CBReader2X\Bookcase\CBETA\XML\N\N69\N69n0035_014.xml
D:\CBReader2X\Bookcase\CBETA\XML\N\N69\N69n0035_015.xml
D:\CBReader2X\Bookcase\CBETA\XML\N\N69\N69n0035_016.xml
D:\CBReader2X\Bookcase\CBETA\XML\N\N69\N69n0035_017.xml
D:\CBReader2X\Bookcase\CBETA\XML\N\N69\N69n0035_018.xml
D:\CBReader2X\Bookcase\CBETA\XML\N\N69\N69n0035_019.xml
D:\CBReader2X\Bookcase\CBETA\XML\N\N69\N69n0035_020.xml
D:\CBReader2X\Bookcase\CBETA\XML\N\N69\N69n0035_021.xml
D:\CBReader2X\Bookcase\CBETA\XML\N\N69\N69n0035_022.xml
D:\CBReader2X\Bookcase\CBETA\XML\N\N69\N69n0035_023.xml
D:\CBReader2X\Bookcase\CBETA\XML\N\N70\N70n0036_001.xml
D:\CBReader2X\Bookcase\CBETA\XML\N\N70\N70n0037_001.xml
D:\CBReader2X\Bookcase\CBETA\XML\N\N70\N70n0038_001.xml
