../bilara-data/root/en/blurb/dn-blurbs_root-en.json
./blurb.json
../bilara-data/translation/en/sujato/dn/dn1_translation-en-sujato.json
../bilara-data/translation/en/sujato/dn/dn2_translation-en-sujato.json
../bilara-data/translation/en/sujato/dn/dn3_translation-en-sujato.json
../bilara-data/translation/en/sujato/dn/dn4_translation-en-sujato.json
../bilara-data/translation/en/sujato/dn/dn5_translation-en-sujato.json
../bilara-data/translation/en/sujato/dn/dn6_translation-en-sujato.json
../bilara-data/translation/en/sujato/dn/dn7_translation-en-sujato.json
../bilara-data/translation/en/sujato/dn/dn8_translation-en-sujato.json
../bilara-data/translation/en/sujato/dn/dn9_translation-en-sujato.json
../bilara-data/translation/en/sujato/dn/dn10_translation-en-sujato.json
../bilara-data/translation/en/sujato/dn/dn11_translation-en-sujato.json
../bilara-data/translation/en/sujato/dn/dn12_translation-en-sujato.json
../bilara-data/translation/en/sujato/dn/dn13_translation-en-sujato.json
../bilara-data/translation/en/sujato/dn/dn14_translation-en-sujato.json
../bilara-data/translation/en/sujato/dn/dn15_translation-en-sujato.json
../bilara-data/translation/en/sujato/dn/dn16_translation-en-sujato.json
../bilara-data/translation/en/sujato/dn/dn17_translation-en-sujato.json
../bilara-data/translation/en/sujato/dn/dn18_translation-en-sujato.json
../bilara-data/translation/en/sujato/dn/dn19_translation-en-sujato.json
../bilara-data/translation/en/sujato/dn/dn20_translation-en-sujato.json
../bilara-data/translation/en/sujato/dn/dn21_translation-en-sujato.json
../bilara-data/translation/en/sujato/dn/dn22_translation-en-sujato.json
../bilara-data/translation/en/sujato/dn/dn23_translation-en-sujato.json
../bilara-data/translation/en/sujato/dn/dn24_translation-en-sujato.json
../bilara-data/translation/en/sujato/dn/dn25_translation-en-sujato.json
../bilara-data/translation/en/sujato/dn/dn26_translation-en-sujato.json
../bilara-data/translation/en/sujato/dn/dn27_translation-en-sujato.json
../bilara-data/translation/en/sujato/dn/dn28_translation-en-sujato.json
../bilara-data/translation/en/sujato/dn/dn29_translation-en-sujato.json
../bilara-data/translation/en/sujato/dn/dn30_translation-en-sujato.json
../bilara-data/translation/en/sujato/dn/dn31_translation-en-sujato.json
../bilara-data/translation/en/sujato/dn/dn32_translation-en-sujato.json
../bilara-data/translation/en/sujato/dn/dn33_translation-en-sujato.json
../bilara-data/translation/en/sujato/dn/dn34_translation-en-sujato.json