..\bilara-data\root\pli\ms\dn\dn10_root-pli-ms.json
..\bilara-data\root\pli\ms\dn\dn11_root-pli-ms.json
..\bilara-data\root\pli\ms\dn\dn12_root-pli-ms.json
..\bilara-data\root\pli\ms\dn\dn13_root-pli-ms.json
..\bilara-data\root\pli\ms\dn\dn14_root-pli-ms.json
..\bilara-data\root\pli\ms\dn\dn15_root-pli-ms.json
..\bilara-data\root\pli\ms\dn\dn16_root-pli-ms.json
..\bilara-data\root\pli\ms\dn\dn17_root-pli-ms.json
..\bilara-data\root\pli\ms\dn\dn18_root-pli-ms.json
..\bilara-data\root\pli\ms\dn\dn19_root-pli-ms.json
..\bilara-data\root\pli\ms\dn\dn1_root-pli-ms.json
..\bilara-data\root\pli\ms\dn\dn20_root-pli-ms.json
..\bilara-data\root\pli\ms\dn\dn21_root-pli-ms.json
..\bilara-data\root\pli\ms\dn\dn22_root-pli-ms.json
..\bilara-data\root\pli\ms\dn\dn23_root-pli-ms.json
..\bilara-data\root\pli\ms\dn\dn24_root-pli-ms.json
..\bilara-data\root\pli\ms\dn\dn25_root-pli-ms.json
..\bilara-data\root\pli\ms\dn\dn26_root-pli-ms.json
..\bilara-data\root\pli\ms\dn\dn27_root-pli-ms.json
..\bilara-data\root\pli\ms\dn\dn28_root-pli-ms.json
..\bilara-data\root\pli\ms\dn\dn29_root-pli-ms.json
..\bilara-data\root\pli\ms\dn\dn2_root-pli-ms.json
..\bilara-data\root\pli\ms\dn\dn30_root-pli-ms.json
..\bilara-data\root\pli\ms\dn\dn31_root-pli-ms.json
..\bilara-data\root\pli\ms\dn\dn32_root-pli-ms.json
..\bilara-data\root\pli\ms\dn\dn33_root-pli-ms.json
..\bilara-data\root\pli\ms\dn\dn34_root-pli-ms.json
..\bilara-data\root\pli\ms\dn\dn3_root-pli-ms.json
..\bilara-data\root\pli\ms\dn\dn4_root-pli-ms.json
..\bilara-data\root\pli\ms\dn\dn5_root-pli-ms.json
..\bilara-data\root\pli\ms\dn\dn6_root-pli-ms.json
..\bilara-data\root\pli\ms\dn\dn7_root-pli-ms.json
..\bilara-data\root\pli\ms\dn\dn8_root-pli-ms.json
..\bilara-data\root\pli\ms\dn\dn9_root-pli-ms.json